[Parallel(n_jobs=16)]: Using backend LokyBackend with 16 concurrent workers.
[Parallel(n_jobs=16)]: Done   9 tasks      | elapsed:  1.1min
[Parallel(n_jobs=16)]: Done  18 tasks      | elapsed:  2.1min
[Parallel(n_jobs=16)]: Done  27 out of  52 | elapsed:  2.7min remaining:  2.5min
[Parallel(n_jobs=16)]: Done  33 out of  52 | elapsed:  3.1min remaining:  1.8min
[Parallel(n_jobs=16)]: Done  39 out of  52 | elapsed:  3.1min remaining:  1.0min
[Parallel(n_jobs=16)]: Done  45 out of  52 | elapsed:  3.6min remaining:   34.0s
[Parallel(n_jobs=16)]: Done  52 out of  52 | elapsed:  3.9min finished
[Parallel(n_jobs=16)]: Using backend LokyBackend with 16 concurrent workers.
[Parallel(n_jobs=16)]: Done   9 tasks      | elapsed:  1.0min
[Parallel(n_jobs=16)]: Done  18 tasks      | elapsed:  2.0min
[Parallel(n_jobs=16)]: Done  29 tasks      | elapsed:  3.0min
[Parallel(n_jobs=16)]: Done  40 tasks      | elapsed:  3.3min
[Parallel(n_jobs=16)]: Done  53 tasks      | elapsed:  4.0min
[Parallel(n_jobs=16)]: Done  66 tasks      | elapsed:  5.0min
[Parallel(n_jobs=16)]: Done  81 tasks      | elapsed:  6.2min
[Parallel(n_jobs=16)]: Done  96 tasks      | elapsed:  7.4min
[Parallel(n_jobs=16)]: Done 113 tasks      | elapsed:  8.9min
[Parallel(n_jobs=16)]: Done 130 tasks      | elapsed:  9.9min
[Parallel(n_jobs=16)]: Done 149 tasks      | elapsed: 10.9min
[Parallel(n_jobs=16)]: Done 168 tasks      | elapsed: 12.3min
[Parallel(n_jobs=16)]: Done 189 tasks      | elapsed: 13.8min
[Parallel(n_jobs=16)]: Done 210 tasks      | elapsed: 15.4min
[Parallel(n_jobs=16)]: Done 233 tasks      | elapsed: 16.8min
[Parallel(n_jobs=16)]: Done 256 tasks      | elapsed: 18.8min
[Parallel(n_jobs=16)]: Done 281 tasks      | elapsed: 20.7min
[Parallel(n_jobs=16)]: Done 306 tasks      | elapsed: 22.1min
[Parallel(n_jobs=16)]: Done 333 tasks      | elapsed: 23.9min
[Parallel(n_jobs=16)]: Done 360 tasks      | elapsed: 25.8min
[Parallel(n_jobs=16)]: Done 389 tasks      | elapsed: 28.0min
[Parallel(n_jobs=16)]: Done 418 tasks      | elapsed: 30.2min
[Parallel(n_jobs=16)]: Done 449 tasks      | elapsed: 32.4min
[Parallel(n_jobs=16)]: Done 480 tasks      | elapsed: 34.6min
[Parallel(n_jobs=16)]: Done 513 tasks      | elapsed: 36.7min
[Parallel(n_jobs=16)]: Done 546 tasks      | elapsed: 39.1min
[Parallel(n_jobs=16)]: Done 581 tasks      | elapsed: 41.6min
[Parallel(n_jobs=16)]: Done 616 tasks      | elapsed: 44.0min
[Parallel(n_jobs=16)]: Done 653 tasks      | elapsed: 46.6min
[Parallel(n_jobs=16)]: Done 690 tasks      | elapsed: 49.4min
[Parallel(n_jobs=16)]: Done 729 tasks      | elapsed: 52.3min
[Parallel(n_jobs=16)]: Done 768 tasks      | elapsed: 54.6min
[Parallel(n_jobs=16)]: Done 809 tasks      | elapsed: 57.5min
[Parallel(n_jobs=16)]: Done 850 tasks      | elapsed: 60.4min
[Parallel(n_jobs=16)]: Done 893 tasks      | elapsed: 63.4min
[Parallel(n_jobs=16)]: Done 936 tasks      | elapsed: 66.6min
[Parallel(n_jobs=16)]: Done 981 tasks      | elapsed: 70.0min
[Parallel(n_jobs=16)]: Done 1026 tasks      | elapsed: 73.1min
[Parallel(n_jobs=16)]: Done 1073 tasks      | elapsed: 76.3min
[Parallel(n_jobs=16)]: Done 1120 tasks      | elapsed: 79.6min
[Parallel(n_jobs=16)]: Done 1169 tasks      | elapsed: 83.1min
[Parallel(n_jobs=16)]: Done 1218 tasks      | elapsed: 86.6min
[Parallel(n_jobs=16)]: Done 1269 tasks      | elapsed: 90.0min
[Parallel(n_jobs=16)]: Done 1320 tasks      | elapsed: 93.8min
[Parallel(n_jobs=16)]: Done 1373 tasks      | elapsed: 97.5min
[Parallel(n_jobs=16)]: Done 1426 tasks      | elapsed: 101.1min
[Parallel(n_jobs=16)]: Done 1481 tasks      | elapsed: 105.0min
[Parallel(n_jobs=16)]: Done 1536 tasks      | elapsed: 108.9min
[Parallel(n_jobs=16)]: Done 1589 out of 1589 | elapsed: 112.3min finished
