Job ID: 966557
____________________
Evaluating spatial fingerprint
image_path: /fast/AG_Kainmueller/data/weedsgalore/weedsgalore-dataset
mask_path: /fast/AG_Kainmueller/data/weedsgalore/weedsgalore-dataset
uq_map_path: /fast/AG_Kainmueller/data/UQ_maps/weedsgalore/rgb_val_test/crops_vs_weed/dropout/pu
prediction_path: /fast/AG_Kainmueller/data/UQ_maps/weedsgalore/rgb_val_test/crops_vs_weed/dropout/pred
datset_size: 52
task: crops_vs_weed
num_classes: 3
uq_method: dropout
decomposition: pu
metadata: /fast/AG_Kainmueller/data/UQ_maps/weedsgalore/rgb_val_test/crops_vs_weed/dropout/metadata.json
input_typs: rgb
split: val_test
Dataset name: weedsgalore_crops_vs_weed_maize_0_00_dropout_pu
Number of samples used for spatial fingerprint: 52 of 52
NOTE: Normalizing UQ maps by ln(K) where K=3 is the number of classes.
____________________
Computed spatial measure mass ratios: 231.49657607078552 s
Spatial fingerprint spatial_fingerprint_weedsgalore_crops_vs_weed_maize_0_00_dropout_pu.csv saved to output folder.
____________________
Evaluating spatial fingerprint
image_path: /fast/AG_Kainmueller/data/weedsgalore/ood_data/crops_and_weed_processed
mask_path: /fast/AG_Kainmueller/data/weedsgalore/ood_data/crops_and_weed_processed
uq_map_path: /fast/AG_Kainmueller/data/UQ_maps/weedsgalore/rgb_ood/crops_vs_weed/dropout/pu
prediction_path: /fast/AG_Kainmueller/data/UQ_maps/weedsgalore/rgb_ood/crops_vs_weed/dropout/pred
datset_size: 1589
task: crops_vs_weed
num_classes: 3
uq_method: dropout
decomposition: pu
metadata: /fast/AG_Kainmueller/data/UQ_maps/weedsgalore/rgb_ood/crops_vs_weed/dropout/metadata.json
input_typs: rgb
split: ood
Dataset name: weedsgalore_crops_vs_weed_maize_1_00_dropout_pu
Number of samples used for spatial fingerprint: 1589 of 1589
NOTE: Normalizing UQ maps by ln(K) where K=3 is the number of classes.
____________________
Computed spatial measure mass ratios: 6740.356606245041 s
Spatial fingerprint spatial_fingerprint_weedsgalore_crops_vs_weed_maize_1_00_dropout_pu.csv saved to output folder.
